// Jest Snapshot v1, https://goo.gl/fbAQLP

exports[`ForecastSummary renders correctly 1`] = `
<DocumentFragment>
  <div
    class="forecast-summary"
    data-testid="forecast-summary"
  >
    <div
      class="forecast-summary__date"
    >
      1111111
    </div>
    Thu Jan 01 1970
    <div
      class="forecast-summary__icon"
      data-testid="forecast-icon"
    >
      <img
        alt="200"
      />
    </div>
    <div
      class="forecast-summary__temperature"
    >
      22Â°C
    </div>
    <div
      class="forecast-summary__description"
    >
      stub description
    </div>
    <button
      type="button"
    >
      More details
    </button>
  </div>
</DocumentFragment>
`;
